[backblue.gif]
[fade.gif]
[index.html]
[maxcdn.bootstrapcdn.com/font-awesome/4.1.0/css/font-awesome.min68b3.css]
[localhost/drch/wp-includes/js/jquery/jqueryb8ff.js]
[localhost/drch/wp-includes/js/jquery/jquery-migrate.min330a.js]
[localhost/drch/wp-content/themes/shahbaTheme/js/bootstrap.min55fe.js]
[localhost/drch/xmlrpc0db0.php]
[localhost/drch/wp-includes/wlwmanifest.xml]
[localhost/drch/wp-json/index.html]
[localhost/drch/wp-content/uploads/2018/04/LogoSite.png]
[localhost/drch/wp-content/themes/shahbaTheme/img/top_banner.png]
[localhost/drch/wp-content/uploads/2018/04/8221-8221-27-1-2013-L_SHgqHhw84.jpg]
[localhost/drch/wp-content/uploads/2018/04/t3Eh91fLdiU.jpg]
[localhost/drch/wp-content/uploads/2018/04/8211-5-5-2013-Gxnyqv1iQ1I.jpg]
[localhost/drch/wp-content/uploads/2018/04/23-10-2012-hhsS-3blXtQ.jpg]
[localhost/drch/wp-content/uploads/2018/04/im545be5bOI.jpg]
[localhost/drch/wp-content/uploads/2018/04/8211-8211-5-5-2013-2B_UX8j5ulk.jpg]
[localhost/drch/feed/index.html]
[localhost/drch/wp-content/uploads/2018/04/8211-8211-31-3-2013-oVKdWVAi44M.jpg]
[localhost/drch/wp-content/uploads/2018/04/10687145_720137531355225_2224204649388554509_n.jpg]
[localhost/drch/wp-content/uploads/2018/04/10406345_720137501355228_98745735164518784_n.jpg]
[localhost/drch/wp-content/uploads/2018/04/10406345_720137501355228_98745735164518784_n-100x100.jpg]
[localhost/drch/wp-content/uploads/2018/04/10647076_720137741355204_2021437409676576151_n-100x100.jpg]
[localhost/drch/wp-content/uploads/2018/04/10650063_720137554688556_3604228551700062961_n-100x100.jpg]
[localhost/drch/wp-content/uploads/2018/04/WP_300x250.png]
[localhost/drch/wp-content/uploads/2018/04/10406345_720137501355228_98745735164518784_n-1-100x100.jpg]
[localhost/drch/wp-content/plugins/contact-form-7/includes/js/scripts972f.js]
[localhost/drch/wp-content/plugins/news-ticker-tj/js/breakingNews37ad.js]
[localhost/drch/wp-content/plugins/news-ticker-tj/js/custom5b21.js]
[localhost/drch/wp-includes/js/wp-embed.min55fe.js]
[localhost/drch/wp-includes/js/mediaelement/mediaelement-and-player.min45a0.js]
[localhost/drch/wp-includes/js/mediaelement/mediaelement-migrate.min55fe.js]
[localhost/drch/wp-includes/js/mediaelement/wp-mediaelement.min55fe.js]
[localhost/drch/wp-includes/js/mediaelement/renderers/vimeo.min45a0.js]
[localhost/drch/index.html]
[localhost/drch/wp-content/plugins/contact-form-7/images/ajax-loader.gif]
[localhost/drch/wp-content/plugins/contact-form-7/includes/css/styles972f.css]
[localhost/drch/wp-content/plugins/contact-form-7/includes/css/styles-rtl972f.css]
[localhost/drch/wp-content/plugins/news-ticker-tj/images/bn-arrows.png]
[localhost/drch/wp-content/plugins/news-ticker-tj/css/breakingNewsf269.css]
[localhost/drch/wp-content/plugins/fonts.googleapis.com/cssddd3.html]
[localhost/drch/wp-content/plugins/recent-tweets-widget/assets/tweet.png]
[localhost/drch/wp-content/plugins/recent-tweets-widget/tp_twitter_plugin5152.css]
[localhost/drch/wp-content/themes/shahbaTheme/fonts/glyphicons-halflings-regular.eot]
[localhost/drch/wp-content/themes/shahbaTheme/fonts/glyphicons-halflings-regular.woff]
[localhost/drch/wp-content/themes/shahbaTheme/fonts/glyphicons-halflings-regular.ttf]
[localhost/drch/wp-content/themes/shahbaTheme/css/bootstrap68b3.css]
[maxcdn.bootstrapcdn.com/font-awesome/4.1.0/css/font-awesome.min68b3.css]
[localhost/drch/wp-content/themes/shahbaTheme/css/style68b3.css]
[localhost/drch/wp-content/themes/shahbaTheme/css/comment68b3.css]
[localhost/drch/wp-content/themes/shahbaTheme/fonts/JF_Flat_regular.ttf]
[localhost/drch/wp-content/themes/shahbaTheme/fonts/OpenSans-Bold.ttf]
[localhost/drch/wp-content/themes/shahbaTheme/fonts/OpenSans-Light.ttf]
[localhost/drch/wp-content/themes/shahbaTheme/fonts/OpenSans-Regular.ttf]
[localhost/drch/wp-content/themes/shahbaTheme/fonts/RobotoSlab-Regular.ttf]
[localhost/drch/wp-content/themes/shahbaTheme/fonts/DroidKufi-Regular.ttf]
[localhost/drch/wp-content/themes/shahbaTheme/fonts/DroidSans.ttf]
[localhost/drch/wp-content/themes/shahbaTheme/fonts/DroidSansArabic_0.ttf]
[localhost/drch/wp-content/themes/shahbaTheme/fonts/GE_SS_Text_Light.otf]
[localhost/drch/wp-content/themes/shahbaTheme/fonts/GE_SS_Text_Medium.otf]
[localhost/drch/wp-content/themes/shahbaTheme/fonts/GE_SS_Text_UltraLight.otf]
[localhost/drch/wp-content/themes/shahbaTheme/fonts/GE_SS_Two_Light_0.otf]
[localhost/drch/wp-content/themes/shahbaTheme/fonts/GE_SS_Two_Medium.otf]
[localhost/drch/wp-content/themes/shahbaTheme/fonts/AraJozoor-Regular.ttf]
[localhost/drch/wp-content/themes/shahbaTheme/css/fonts68b3.css]
[localhost/drch/wp-content/themes/shahbaTheme/rtl.css]
[localhost/drch/wp-json/oembed/1.0/embedc677.json]
[localhost/drch/wp-json/oembed/1.0/embed740c]
[localhost/drch/wp-includes/js/comment-reply.min55fe.js]
[localhost/drch/د-عليوة-فى-سطور/index.html]
[localhost/drch/wp-json/oembed/1.0/embed7f26.json]
[localhost/drch/wp-json/oembed/1.0/embed58e4]
[localhost/drch/من-نحن/index.html]
[localhost/drch/wp-json/oembed/1.0/embedacfd.json]
[localhost/drch/wp-json/oembed/1.0/embed877a]
[localhost/drch/خريطة-الموقع/index.html]
[localhost/drch/wp-json/oembed/1.0/embeda631.json]
[localhost/drch/wp-json/oembed/1.0/embed0334]
[localhost/drch/دليل-المواقع/index.html]
[localhost/drch/wp-content/uploads/2018/04/10647076_720137741355204_2021437409676576151_n.jpg]
[localhost/drch/wp-content/uploads/2018/04/10650063_720137554688556_3604228551700062961_n.jpg]
[localhost/drch/wp-content/uploads/2018/04/10406345_720137501355228_98745735164518784_n-1.jpg]
[localhost/drch/category/خدمات-عيادة-د-خالد-عليوة/index.html]
[localhost/drch/category/الجراحات-التناسلية/index.html]
[localhost/drch/category/ضعف-خصوبة-الرجال/index.html]
[localhost/drch/category/منظومة-د-عليوة-للطب-الجنسي-والصحة-التن/index.html]
[localhost/drch/category/الصحة-والثقافة-الزوجية/index.html]
[localhost/drch/wp-content/themes/shahbaTheme/fonts/glyphicons-halflings-regulard41d.eot]
[localhost/drch/category/الدعم-النفسي-والروحى/index.html]
[localhost/drch/category/مكتبة-الفيديو-والبرامج-التليفزيونية/index.html]
[localhost/drch/category/التعليم-الطبي/index.html]
[localhost/drch/author/moderator/feed/index.html]
[localhost/drch/category/دورات-ومحاضرات-طبية/index.html]
[localhost/drch/category/دورات-عبر-الإنترنت/index.html]
[localhost/drch/category/خدمات-عيادة-د-خالد-عليوة/feed/index.html]
[localhost/drch/category/شارك-فى-البحث-العلمى/index.html]
[localhost/drch/category/مؤتمرات-طبية/index.html]
[localhost/drch/category/روابط-عامة/index.html]
[localhost/drch/category/الجراحات-التناسلية/feed/index.html]
[localhost/drch/category/منتديات-الأطباء-والمتخصصين/index.html]
[localhost/drch/category/ضعف-خصوبة-الرجال/feed/index.html]
[localhost/drch/category/متجر-الكتب-والاسطوانات/index.html]
[localhost/drch/category/منظومة-د-عليوة-للطب-الجنسي-والصحة-التن/feed/index.html]
[localhost/drch/category/الصحة-والثقافة-الزوجية/feed/index.html]
[localhost/drch/wp-json/oembed/1.0/embed9f27.json]
[localhost/drch/category/الدعم-النفسي-والروحى/feed/index.html]
[localhost/drch/wp-json/oembed/1.0/embed50b4]
[localhost/drch/2018/04/18/عياده-الرحمه-د-خالد-حمدى-قوانين-الانج/index.html]
[localhost/drch/category/مكتبة-الفيديو-والبرامج-التليفزيونية/feed/index.html]
[localhost/drch/category/التعليم-الطبي/feed/index.html]
[localhost/drch/wp-json/oembed/1.0/embed83fc.json]
[localhost/drch/category/دورات-ومحاضرات-طبية/feed/index.html]
[localhost/drch/wp-json/oembed/1.0/embed0049]
[localhost/drch/2018/04/18/عيادة-الرحمة-الجديد-فى-علاج-عقم-الرجال/index.html]
[localhost/drch/category/دورات-عبر-الإنترنت/feed/index.html]
[localhost/drch/category/شارك-فى-البحث-العلمى/feed/index.html]
[localhost/drch/wp-json/oembed/1.0/embedea0c.json]
[localhost/drch/category/مؤتمرات-طبية/feed/index.html]
[localhost/drch/wp-json/oembed/1.0/embed250f]
[localhost/drch/2018/04/18/عيادة-الرحمة-عقم-الرجال-د-خالد-حمدى-عل/index.html]
[localhost/drch/category/روابط-عامة/feed/index.html]
[localhost/drch/category/منتديات-الأطباء-والمتخصصين/feed/index.html]
[localhost/drch/wp-json/oembed/1.0/embed8413.json]
[localhost/drch/category/متجر-الكتب-والاسطوانات/feed/index.html]
[localhost/drch/wp-json/oembed/1.0/embedbd0d]
[localhost/drch/2018/04/18/عيادة-الرحمة-للدكتور-خالد-حمدي-عليوة-23-10/index.html]
[localhost/drch/2018/04/18/عياده-الرحمه-د-خالد-حمدى-قوانين-الانج/feed/index.html]
[localhost/drch/wp-json/oembed/1.0/embed9773.json]
[localhost/drch/wp-json/oembed/1.0/embed116a]
[localhost/drch/2018/04/18/عيادة-الرحمة-الجديد-فى-علاج-عقم-الرجال/feed/index.html]
[localhost/drch/2018/04/18/برنامج-آدم-حلقة-د-خالد-حمدي-عليوه/index.html]
[localhost/drch/2018/04/18/عيادة-الرحمة-عقم-الرجال-د-خالد-حمدى-عل/feed/index.html]
[localhost/drch/2018/04/18/عيادة-الرحمة-للدكتور-خالد-حمدي-عليوة-23-10/feed/index.html]
[localhost/drch/2018/04/18/برنامج-آدم-حلقة-د-خالد-حمدي-عليوه/feed/index.html]
[localhost/drch/2018/04/18/عيادة-الرحمة-عقم-الرجال-دكتور-خالد-حم/feed/index.html]
[localhost/drch/wp-json/oembed/1.0/embedfb11.json]
[localhost/drch/wp-json/oembed/1.0/embede7b4]
[localhost/drch/2018/04/18/عيادة-الرحمة-عقم-الرجال-دكتور-خالد-حم/index.html]
[localhost/drch/2018/04/18/5356-عيادة-الرحمة-عقم-الرجال-دكتور-خالد-ح/feed/index.html]
[localhost/drch/wp-json/oembed/1.0/embed9428.json]
[localhost/drch/wp-json/oembed/1.0/embed7599]
[localhost/drch/2018/04/18/5356-عيادة-الرحمة-عقم-الرجال-دكتور-خالد-ح/index.html]
[localhost/drch/2018/04/18/لمّ-بأيدي-المحيط-الخارجية-كل-تشكيل-ضمن-4/feed/index.html]
[localhost/drch/wp-json/oembed/1.0/embed098a.json]
[localhost/drch/wp-json/oembed/1.0/embedeaa5]
[localhost/drch/2018/04/18/لمّ-بأيدي-المحيط-الخارجية-كل-تشكيل-ضمن-4/index.html]
[localhost/drch/wp-json/oembed/1.0/embeda069.json]
[localhost/drch/2018/04/18/ل-جُل-جنوب-تسمّى-مدينة-ومضى-عُقر-التار-4/feed/index.html]
[localhost/drch/wp-json/oembed/1.0/embeda359]
[localhost/drch/2018/04/18/ل-جُل-جنوب-تسمّى-مدينة-ومضى-عُقر-التار-4/index.html]
[localhost/drch/2018/04/18/للصين-الآخر-لم-حتى-ذات-وفرنسا-انتصارهم-4/feed/index.html]
[localhost/drch/wp-json/oembed/1.0/embed1656.json]
[localhost/drch/wp-json/oembed/1.0/embed1fcc]
[localhost/drch/2018/04/18/للصين-الآخر-لم-حتى-ذات-وفرنسا-انتصارهم-4/index.html]
[localhost/drch/wp-json/oembed/1.0/embed714f.json]
[localhost/drch/2018/04/18/من-كلّ-أمام-بالجانب-به،-أساسي-الفرنسية-4/feed/index.html]
[localhost/drch/wp-json/oembed/1.0/embedaa12]
[localhost/drch/2018/04/18/من-كلّ-أمام-بالجانب-به،-أساسي-الفرنسية-4/index.html]
[localhost/drch/2018/04/18/الطريق-والمانيا-حول-إذ-أسيا-بشرية-غير-ع/feed/index.html]
[localhost/drch/wp-json/oembed/1.0/embed99f6.json]
[localhost/drch/wp-json/oembed/1.0/embed24fc]
[localhost/drch/2018/04/18/الطريق-والمانيا-حول-إذ-أسيا-بشرية-غير-ع/index.html]
[localhost/drch/wp-json/oembed/1.0/embedb740.json]
[localhost/drch/2018/04/18/من-كلّ-أمام-بالجانب-به،-أساسي-الفرنسية/feed/index.html]
[localhost/drch/wp-json/oembed/1.0/embed0da6]
[localhost/drch/2018/04/18/من-كلّ-أمام-بالجانب-به،-أساسي-الفرنسية/index.html]
[localhost/drch/wp-json/oembed/1.0/embed3aa3.json]
[localhost/drch/2018/04/18/للصين-الآخر-لم-حتى-ذات-وفرنسا-انتصارهم/feed/index.html]
[localhost/drch/wp-json/oembed/1.0/embedde02]
[localhost/drch/2018/04/18/للصين-الآخر-لم-حتى-ذات-وفرنسا-انتصارهم/index.html]
[localhost/drch/2018/04/18/ل-جُل-جنوب-تسمّى-مدينة-ومضى-عُقر-التاري/feed/index.html]
[localhost/drch/wp-json/oembed/1.0/embed02ba.json]
[localhost/drch/wp-json/oembed/1.0/embedd244]
[localhost/drch/2018/04/18/ل-جُل-جنوب-تسمّى-مدينة-ومضى-عُقر-التاري/index.html]
[localhost/drch/category/الأهداف/index.html]
[localhost/drch/category/المبادىء-والضوابط/index.html]
[localhost/drch/category/الأهداف/feed/index.html]
[localhost/drch/category/شروط-الإستخدام/index.html]
[localhost/drch/category/المبادىء-والضوابط/feed/index.html]
[localhost/drch/category/شروط-الإستخدام/feed/index.html]
[localhost/drch/category/الخصوصية/index.html]
[localhost/drch/category/إنضم-لفريق-العمل/index.html]
[localhost/drch/category/خدمات-عيادة-د-خالد-عليوة/العناوين-خريطة-المكان/index.html]
[localhost/drch/category/الخصوصية/feed/index.html]
[localhost/drch/category/إنضم-لفريق-العمل/feed/index.html]
[localhost/drch/category/خدمات-عيادة-د-خالد-عليوة/مواعيد-العمل/index.html]
[localhost/drch/category/خدمات-عيادة-د-خالد-عليوة/العناوين-خريطة-المكان/feed/index.html]
[localhost/drch/category/دورات-طبية/index.html]
[localhost/drch/category/دورات-طبية/دورات-خاصة-للمرضى/index.html]
[localhost/drch/category/دورات-طبية/دورات-للأصحاء/index.html]
[localhost/drch/category/خدمات-عيادة-د-خالد-عليوة/مواعيد-العمل/feed/index.html]
[localhost/drch/category/دورات-طبية/feed/index.html]
[localhost/drch/category/دورات-طبية/دورات-الزواج/index.html]
[localhost/drch/category/دورات-طبية/دورات-اونلاين/index.html]
[localhost/drch/category/دورات-طبية/دورات-خاصة-للمرضى/feed/index.html]
[localhost/drch/category/إستشارات-وفحوصات-الزواج/index.html]
[localhost/drch/category/دورات-طبية/دورات-للأصحاء/feed/index.html]
[localhost/drch/category/إستشارات-وفحوصات-الزواج/إستشير-د-عليوة-مباشرة/index.html]
[localhost/drch/category/دورات-طبية/دورات-الزواج/feed/index.html]
[localhost/drch/category/دورات-طبية/دورات-اونلاين/feed/index.html]
[localhost/drch/category/إستشارات-وفحوصات-الزواج/إستشارت-مدفوعة-عبر-الهاتف-أو-سكايب/index.html]
[localhost/drch/category/إستشارات-وفحوصات-الزواج/feed/index.html]
[localhost/drch/category/اللياقات-العشر/index.html]
[localhost/drch/category/إستشارات-وفحوصات-الزواج/إستشير-د-عليوة-مباشرة/feed/index.html]
[localhost/drch/category/اللياقات-العشر/اللياقة-الجسدية/index.html]
[localhost/drch/category/اللياقات-العشر/اللياقة-العقلية/index.html]
[localhost/drch/category/إستشارات-وفحوصات-الزواج/إستشارت-مدفوعة-عبر-الهاتف-أو-سكايب/feed/index.html]
[localhost/drch/category/اللياقات-العشر/feed/index.html]
[localhost/drch/category/اللياقات-العشر/اللياقة-النفسية/index.html]
[localhost/drch/category/اللياقات-العشر/اللياقة-الروحية/index.html]
[localhost/drch/category/اللياقات-العشر/اللياقة-الجسدية/feed/index.html]
[localhost/drch/category/اللياقات-العشر/اللياقة-الأسرية/index.html]
[localhost/drch/category/اللياقات-العشر/اللياقة-العقلية/feed/index.html]
[localhost/drch/category/اللياقات-العشر/اللياقة-الإجتماعية/index.html]
[localhost/drch/category/اللياقات-العشر/اللياقة-النفسية/feed/index.html]
[localhost/drch/category/اللياقات-العشر/اللياقة-الروحية/feed/index.html]
[localhost/drch/category/اللياقات-العشر/اللياقة-الإقتصادية/index.html]
[localhost/drch/category/اللياقات-العشر/اللياقة-السياسية/index.html]
[localhost/drch/category/اللياقات-العشر/اللياقة-الأسرية/feed/index.html]
[localhost/drch/category/اللياقات-العشر/اللياقة-الزوجية/index.html]
[localhost/drch/category/اللياقات-العشر/اللياقة-الإجتماعية/feed/index.html]
[localhost/drch/category/اللياقات-العشر/اللياقة-الجنسية/index.html]
[localhost/drch/category/اللياقات-العشر/اللياقة-الإقتصادية/feed/index.html]
[localhost/drch/category/اللياقات-العشر/اللياقة-السياسية/feed/index.html]
[localhost/drch/category/الزواج-الناجح/index.html]
[localhost/drch/category/اللياقات-العشر/اللياقة-الزوجية/feed/index.html]
[localhost/drch/category/مراكز-دار-المشورة-الزوجية/index.html]
[localhost/drch/category/مراكز-دار-المشورة-الزوجية/مستشارك-الطبي/index.html]
[localhost/drch/category/اللياقات-العشر/اللياقة-الجنسية/feed/index.html]
[localhost/drch/category/مراكز-دار-المشورة-الزوجية/مستشارك-الشرعى/index.html]
[localhost/drch/category/الزواج-الناجح/feed/index.html]
[localhost/drch/category/مراكز-دار-المشورة-الزوجية/feed/index.html]
[localhost/drch/category/مراكز-دار-المشورة-الزوجية/مستشارك-النفسي/index.html]
[localhost/drch/category/مراكز-دار-المشورة-الزوجية/مستشارك-القانونى/index.html]
[localhost/drch/category/مراكز-دار-المشورة-الزوجية/مستشارك-الطبي/feed/index.html]
[localhost/drch/category/منظومة-د-عليوة-للوقاية/index.html]
[localhost/drch/category/مراكز-دار-المشورة-الزوجية/مستشارك-الشرعى/feed/index.html]
[localhost/drch/category/حصون-الوقاية/index.html]
[localhost/drch/category/مراكز-دار-المشورة-الزوجية/مستشارك-النفسي/feed/index.html]
[localhost/drch/category/حصون-الوقاية/علم-الجنس-الوقائى/index.html]
[localhost/drch/category/مراكز-دار-المشورة-الزوجية/مستشارك-القانونى/feed/index.html]
[localhost/drch/category/حصون-الوقاية/البيئة-والصحة-التناسلية/index.html]
[localhost/drch/category/منظومة-د-عليوة-للوقاية/feed/index.html]
[localhost/drch/category/حصون-الوقاية/مأساة-خارج-الحصن/index.html]
[localhost/drch/category/حصون-الوقاية/feed/index.html]
[localhost/drch/category/حصون-الوقاية/مشروع-الرعاية-الوقائية/index.html]
[localhost/drch/category/حصون-الوقاية/علم-الجنس-الوقائى/feed/index.html]
[localhost/drch/category/حصون-الوقاية/البيئة-والصحة-التناسلية/feed/index.html]
[localhost/drch/category/الدورات-العلمية-والطبية/index.html]
[localhost/drch/category/حصون-الوقاية/مأساة-خارج-الحصن/feed/index.html]
[localhost/drch/category/صحح-مفاهيمك/index.html]
[localhost/drch/category/إستشارات-مجانية/index.html]
[localhost/drch/category/حصون-الوقاية/مشروع-الرعاية-الوقائية/feed/index.html]
[localhost/drch/category/التربية-والثقافة-الزوجية/index.html]
[localhost/drch/category/الدورات-العلمية-والطبية/feed/index.html]
[localhost/drch/category/صحح-مفاهيمك/feed/index.html]
[localhost/drch/category/إستشارات-مجانية/feed/index.html]
[localhost/drch/category/فحوصات-الزواج/index.html]
[localhost/drch/category/دورات-الزواج-2/index.html]
[localhost/drch/category/منظومة-د-عليوة-للعلاج/index.html]
[localhost/drch/category/التربية-والثقافة-الزوجية/feed/index.html]
[localhost/drch/category/منظومة-د-عليوة-للعلاج/العلاج-الدوائى/index.html]
[localhost/drch/category/فحوصات-الزواج/feed/index.html]
[localhost/drch/category/منظومة-د-عليوة-للعلاج/العلاج-بالتعليم/index.html]
[localhost/drch/category/دورات-الزواج-2/feed/index.html]
[localhost/drch/category/منظومة-د-عليوة-للعلاج/العلاج-الوقائى/index.html]
[localhost/drch/category/منظومة-د-عليوة-للعلاج/feed/index.html]
[localhost/drch/category/منظومة-د-عليوة-للعلاج/العلاج-السلوكى/index.html]
[localhost/drch/category/منظومة-د-عليوة-للعلاج/العلاج-الدوائى/feed/index.html]
[localhost/drch/category/منظومة-د-عليوة-للعلاج/العلاج-بزيادة-الإيمان/index.html]
[localhost/drch/category/منظومة-د-عليوة-للعلاج/العلاج-بالتعليم/feed/index.html]
[localhost/drch/category/منظومة-د-عليوة-للعلاج/العلاج-بالدعاء-والرقية/index.html]
[localhost/drch/category/منظومة-د-عليوة-للعلاج/العلاج-الوقائى/feed/index.html]
[localhost/drch/category/منظومة-د-عليوة-للعلاج/العلاج-السلوكى/feed/index.html]
[localhost/drch/category/منظومة-د-عليوة-للعلاج/العلاج-الزوجى/index.html]
[localhost/drch/category/منظومة-د-عليوة-للعلاج/العلاج-الجنسي/index.html]
[localhost/drch/category/منظومة-د-عليوة-للعلاج/العلاج-بزيادة-الإيمان/feed/index.html]
[localhost/drch/category/منظومة-د-عليوة-للعلاج/العلاج-النفسي/index.html]
[localhost/drch/category/منظومة-د-عليوة-للعلاج/العلاج-بالدعاء-والرقية/feed/index.html]
[localhost/drch/category/منظومة-د-عليوة-للعلاج/العلاج-الجراحى/index.html]
[localhost/drch/category/منظومة-د-عليوة-للعلاج/العلاج-الزوجى/feed/index.html]
[localhost/drch/category/جراحات-الخصية-والحبل-المنوى-والدوالى/index.html]
[localhost/drch/category/منظومة-د-عليوة-للعلاج/العلاج-الجنسي/feed/index.html]
[localhost/drch/category/زراعة-الأجهزة-التعويضية/index.html]
[localhost/drch/category/منظومة-د-عليوة-للعلاج/العلاج-النفسي/feed/index.html]
[localhost/drch/category/علاج-تأخر-الحمل-وضعف-الخصوبة/index.html]
[localhost/drch/category/منظومة-د-عليوة-للعلاج/العلاج-الجراحى/feed/index.html]
[localhost/drch/category/الإخصاب-المساعد/index.html]
[localhost/drch/category/جراحات-الخصية-والحبل-المنوى-والدوالى/feed/index.html]
[localhost/drch/category/قسم-الدعم-الروحى-منهاج-الفطرة/index.html]
[localhost/drch/category/زراعة-الأجهزة-التعويضية/feed/index.html]
[localhost/drch/category/علاج-تأخر-الحمل-وضعف-الخصوبة/feed/index.html]
[localhost/drch/category/جوهر-الإسلام-والأديان/index.html]
[localhost/drch/category/جوهر-الإسلام-والأديان/الإخلاص/index.html]
[localhost/drch/category/الإخصاب-المساعد/feed/index.html]
[localhost/drch/category/جوهر-الإسلام-والأديان/القلب-السليم/index.html]
[localhost/drch/category/قسم-الدعم-الروحى-منهاج-الفطرة/feed/index.html]
[localhost/drch/category/جوهر-الإسلام-والأديان/الصلاة-الخاشعة/index.html]
[localhost/drch/category/جوهر-الإسلام-والأديان/feed/index.html]
[localhost/drch/category/جوهر-الإسلام-والأديان/الإخلاص/feed/index.html]
[localhost/drch/category/جوهر-الإسلام-والأديان/حفظ-اللسان/index.html]
[localhost/drch/category/جوهر-الإسلام-والأديان/حسن-الخلق/index.html]
[localhost/drch/category/جوهر-الإسلام-والأديان/القلب-السليم/feed/index.html]
[localhost/drch/category/العلم-قبل-القول-والعمل/index.html]
[localhost/drch/category/جوهر-الإسلام-والأديان/الصلاة-الخاشعة/feed/index.html]
[localhost/drch/category/العلم-قبل-القول-والعمل/تدبر-القرأن/index.html]
[localhost/drch/category/جوهر-الإسلام-والأديان/حفظ-اللسان/feed/index.html]
[localhost/drch/category/جوهر-الإسلام-والأديان/حسن-الخلق/feed/index.html]
[localhost/drch/category/العلم-قبل-القول-والعمل/صحيح-السنة/index.html]
[localhost/drch/category/العلم-قبل-القول-والعمل/عقيدة/index.html]
[localhost/drch/category/العلم-قبل-القول-والعمل/feed/index.html]
[localhost/drch/category/العلم-قبل-القول-والعمل/فقه/index.html]
[localhost/drch/category/العلم-قبل-القول-والعمل/تدبر-القرأن/feed/index.html]
[localhost/drch/category/العلم-قبل-القول-والعمل/أداب-ومعاملات/index.html]
[localhost/drch/category/العلم-قبل-القول-والعمل/عقيدة/feed/index.html]
[localhost/drch/category/العلم-قبل-القول-والعمل/صحيح-السنة/feed/index.html]
[localhost/drch/category/العلم-قبل-القول-والعمل/قصص-وسير/index.html]
[localhost/drch/category/العلم-قبل-القول-والعمل/فقه/feed/index.html]
[localhost/drch/category/العلم-قبل-القول-والعمل/إدارة-وتخطيط/index.html]
[localhost/drch/category/العلم-قبل-القول-والعمل/خمسة-x-خمسة/index.html]
[localhost/drch/category/العلم-قبل-القول-والعمل/أداب-ومعاملات/feed/index.html]
[localhost/drch/category/العلم-قبل-القول-والعمل/عبقرية-العبادة/index.html]
[localhost/drch/category/العلم-قبل-القول-والعمل/قصص-وسير/feed/index.html]
[localhost/drch/category/العلم-قبل-القول-والعمل/إدارة-وتخطيط/feed/index.html]
[localhost/drch/category/العلم-قبل-القول-والعمل/لماذا-نحن-مسلمون-؟/index.html]
[localhost/drch/category/العلم-قبل-القول-والعمل/خمسة-x-خمسة/feed/index.html]
[localhost/drch/category/للأطباء-والصيادلة/index.html]
[localhost/drch/category/مقالات-طبية-وشرعية-أسبوعي/index.html]
[localhost/drch/category/العلم-قبل-القول-والعمل/عبقرية-العبادة/feed/index.html]
[localhost/drch/category/مواقع-هامة/index.html]
[localhost/drch/category/العلم-قبل-القول-والعمل/لماذا-نحن-مسلمون-؟/feed/index.html]
[localhost/drch/category/للأطباء-والصيادلة/feed/index.html]
[localhost/drch/category/وظائف/index.html]
[localhost/drch/category/إحترف-الكمبيوتر/index.html]
[localhost/drch/category/مقالات-طبية-وشرعية-أسبوعي/feed/index.html]
[localhost/drch/category/مواقع-هامة/feed/index.html]
[localhost/drch/category/أناشيد/index.html]
[localhost/drch/category/تعلم-اللغات/index.html]
[localhost/drch/category/وظائف/feed/index.html]
[localhost/drch/category/إحترف-الكمبيوتر/feed/index.html]
[localhost/drch/wp-includes/js/mediaelement/mediaelementplayer-legacy.min45a0.css]
[localhost/drch/wp-includes/js/mediaelement/wp-mediaelement.min55fe.css]
[localhost/drch/wp-content/themes/shahbaTheme/fonts/glyphicons-halflings-regular.svg]
[localhost/drch/index40a0.html]
[localhost/drch/category/أناشيد/feed/index.html]
[localhost/drch/category/تعلم-اللغات/feed/index.html]
[localhost/drch/wp-content/themes/shahbaTheme/img/preview.png]
[localhost/drch/author/moderator/index.html]
[localhost/drch/index2cf9.html]
[localhost/drch/index970c.html]
[localhost/drch/index0345.html]
[localhost/drch/wp-json/oembed/1.0/embed3b06.json]
[localhost/drch/2018/04/18/الطريق-والمانيا-حول-إذ-أسيا-بشرية-غير-4/feed/index.html]
[localhost/drch/wp-json/oembed/1.0/embed6181]
[localhost/drch/2018/04/18/الطريق-والمانيا-حول-إذ-أسيا-بشرية-غير-4/index.html]
[localhost/drch/2018/04/18/لمّ-بأيدي-المحيط-الخارجية-كل-تشكيل-ضمن-3/feed/index.html]
[localhost/drch/wp-json/oembed/1.0/embeda677.json]
[localhost/drch/wp-json/oembed/1.0/embed327a]
[localhost/drch/2018/04/18/لمّ-بأيدي-المحيط-الخارجية-كل-تشكيل-ضمن-3/index.html]
[localhost/drch/2018/04/18/ل-جُل-جنوب-تسمّى-مدينة-ومضى-عُقر-التار-3/feed/index.html]
[localhost/drch/wp-json/oembed/1.0/embeddb55.json]
[localhost/drch/wp-json/oembed/1.0/embedfc10]
[localhost/drch/2018/04/18/ل-جُل-جنوب-تسمّى-مدينة-ومضى-عُقر-التار-3/index.html]
[localhost/drch/2018/04/18/للصين-الآخر-لم-حتى-ذات-وفرنسا-انتصارهم-3/feed/index.html]
[localhost/drch/wp-json/oembed/1.0/embed25b4.json]
[localhost/drch/wp-json/oembed/1.0/embed080b]
[localhost/drch/2018/04/18/للصين-الآخر-لم-حتى-ذات-وفرنسا-انتصارهم-3/index.html]
[localhost/drch/2018/04/18/من-كلّ-أمام-بالجانب-به،-أساسي-الفرنسية-3/feed/index.html]
[localhost/drch/wp-json/oembed/1.0/embedf763.json]
[localhost/drch/wp-json/oembed/1.0/embed7014]
[localhost/drch/2018/04/18/من-كلّ-أمام-بالجانب-به،-أساسي-الفرنسية-3/index.html]
[localhost/drch/2018/04/18/الطريق-والمانيا-حول-إذ-أسيا-بشرية-غير-3/feed/index.html]
[localhost/drch/wp-json/oembed/1.0/embedab02.json]
[localhost/drch/wp-json/oembed/1.0/embed33aa]
[localhost/drch/2018/04/18/الطريق-والمانيا-حول-إذ-أسيا-بشرية-غير-3/index.html]
[localhost/drch/category/خدمات-عيادة-د-خالد-عليوة/page/2/index.html]
[localhost/drch/category/الجراحات-التناسلية/page/2/index.html]
[localhost/drch/category/ضعف-خصوبة-الرجال/page/2/index.html]
[localhost/drch/category/منظومة-د-عليوة-للطب-الجنسي-والصحة-التن/page/2/index.html]
[localhost/drch/category/الصحة-والثقافة-الزوجية/page/2/index.html]
[localhost/drch/category/الدعم-النفسي-والروحى/page/2/index.html]
[localhost/drch/category/التعليم-الطبي/page/2/index.html]
[localhost/drch/category/دورات-ومحاضرات-طبية/page/2/index.html]
[localhost/drch/category/دورات-عبر-الإنترنت/page/2/index.html]
[localhost/drch/category/شارك-فى-البحث-العلمى/page/2/index.html]
[localhost/drch/category/مؤتمرات-طبية/page/2/index.html]
[localhost/drch/category/روابط-عامة/page/2/index.html]
[localhost/drch/category/منتديات-الأطباء-والمتخصصين/page/2/index.html]
[localhost/drch/category/متجر-الكتب-والاسطوانات/page/2/index.html]
[localhost/drch/2018/04/18/أبدأ-أعمالك-باستحضار-قلبك-ونيتك-بسم-ال/feed/index.html]
[localhost/drch/wp-json/oembed/1.0/embed282e.json]
[localhost/drch/wp-json/oembed/1.0/embedbaa5]
[localhost/drch/2018/04/18/أبدأ-أعمالك-باستحضار-قلبك-ونيتك-بسم-ال/index.html]
[localhost/drch/indexb8c4.html]
[localhost/drch/index2c90.html]
[localhost/drch/index8320.html]
[localhost/drch/index30a5.html]
[localhost/drch/indexbbbb.html]
[localhost/drch/indexea0f.html]
[localhost/drch/indexb190.html]
[localhost/drch/index49a5.html]
[localhost/drch/indexe839.html]
[localhost/drch/index04cd.html]
[localhost/drch/indexb135.html]
[localhost/drch/index6aed.html]
[localhost/drch/index4579.html]
[localhost/drch/indexe9b4.html]
[localhost/drch/2018/04/18/لمّ-بأيدي-المحيط-الخارجية-كل-تشكيل-ضمن/feed/index.html]
[localhost/drch/wp-json/oembed/1.0/embed9945.json]
[localhost/drch/wp-json/oembed/1.0/embedc312]
[localhost/drch/2018/04/18/لمّ-بأيدي-المحيط-الخارجية-كل-تشكيل-ضمن/index.html]
[localhost/drch/index0721.html]
[localhost/drch/sample-page/feed/index.html]
[localhost/drch/wp-json/oembed/1.0/embed2bc2.json]
[localhost/drch/wp-json/oembed/1.0/embed2f45]
[localhost/drch/sample-page/index.html]
[localhost/drch/مثال-على-صفحة/index.html]
[localhost/drch/wp-includes/js/mediaelement/mejs-controls.svg]
[localhost/drch/2018/04/18/اختم-أعمالك-بالإستغفار-والدعاء-،الله/feed/index.html]
[localhost/drch/wp-json/oembed/1.0/embed5c86.json]
[localhost/drch/wp-json/oembed/1.0/embed0360]
[localhost/drch/2018/04/18/اختم-أعمالك-بالإستغفار-والدعاء-،الله/index.html]
[localhost/drch/category/كلمات/index.html]
[localhost/drch/category/كلمات/feed/index.html]
[localhost/drch/wp-json/oembed/1.0/embedf8c5.json]
[localhost/drch/2018/04/18/تقيد-بالسنه-الصحيحه/feed/index.html]
[localhost/drch/wp-json/oembed/1.0/embedd023]
[localhost/drch/2018/04/18/تقيد-بالسنه-الصحيحه/index.html]
[localhost/drch/index7896.html]
[localhost/drch/index6ffe.html]
[localhost/drch/indexbde5.html]
[localhost/drch/index44d0.html]
[localhost/drch/index287b.html]
[localhost/drch/2018/04/18/لمّ-بأيدي-المحيط-الخارجية-كل-تشكيل-ضمن-2/feed/index.html]
[localhost/drch/wp-json/oembed/1.0/embed395c.json]
[localhost/drch/wp-json/oembed/1.0/embeddb13]
[localhost/drch/2018/04/18/لمّ-بأيدي-المحيط-الخارجية-كل-تشكيل-ضمن-2/index.html]
[localhost/drch/index55e4.html]
[localhost/drch/2018/04/18/ل-جُل-جنوب-تسمّى-مدينة-ومضى-عُقر-التار-2/feed/index.html]
[localhost/drch/wp-json/oembed/1.0/embed3e91.json]
[localhost/drch/wp-json/oembed/1.0/embede074]
[localhost/drch/2018/04/18/ل-جُل-جنوب-تسمّى-مدينة-ومضى-عُقر-التار-2/index.html]
[localhost/drch/2018/04/18/للصين-الآخر-لم-حتى-ذات-وفرنسا-انتصارهم-2/feed/index.html]
[localhost/drch/wp-json/oembed/1.0/embedac7f.json]
[localhost/drch/wp-json/oembed/1.0/embed84f7]
[localhost/drch/2018/04/18/للصين-الآخر-لم-حتى-ذات-وفرنسا-انتصارهم-2/index.html]
[localhost/drch/2018/04/18/من-كلّ-أمام-بالجانب-به،-أساسي-الفرنسية-2/feed/index.html]
[localhost/drch/wp-json/oembed/1.0/embede2bc.json]
[localhost/drch/wp-json/oembed/1.0/embed7826]
[localhost/drch/2018/04/18/من-كلّ-أمام-بالجانب-به،-أساسي-الفرنسية-2/index.html]
[localhost/drch/2018/04/18/الطريق-والمانيا-حول-إذ-أسيا-بشرية-غير-2/feed/index.html]
[localhost/drch/wp-json/oembed/1.0/embedf016.json]
[localhost/drch/wp-json/oembed/1.0/embed2b46]
[localhost/drch/2018/04/18/الطريق-والمانيا-حول-إذ-أسيا-بشرية-غير-2/index.html]
[localhost/drch/index9751.html]
[localhost/drch/index5c36.html]
[localhost/drch/indexc471.html]
[localhost/drch/indexd52d.html]
[localhost/drch/index1c00.html]
[localhost/drch/index8cd4.html]
[localhost/drch/index7665.html]
[localhost/drch/index4f61.html]
[localhost/drch/index96f1.html]
[localhost/drch/index7ef4.html]
